BL51 BANKED LINKER/LOCATER V6.22                                                        03/23/2022  17:02:55  PAGE 1


BL51 BANKED LINKER/LOCATER V6.22, INVOKED BY:
D:\KEIL5\INSTALLED FILE\C51\BIN\BL51.EXE .\Objects\ds1302.obj, .\Objects\main.obj, .\Objects\onewire.obj TO .\Objects\te
>> st PRINT (.\Listings\test.m51) RAMSIZE (256)


MEMORY MODEL: SMALL


INPUT MODULES INCLUDED:
  .\Objects\ds1302.obj (DS1302)
  .\Objects\main.obj (MAIN)
  .\Objects\onewire.obj (ONEWIRE)
  D:\KEIL5\INSTALLED FILE\C51\LIB\C51S.LIB (?C_STARTUP)
  D:\KEIL5\INSTALLED FILE\C51\LIB\C51S.LIB (?C?IMUL)
  D:\KEIL5\INSTALLED FILE\C51\LIB\C51S.LIB (?C_INIT)


LINK MAP OF MODULE:  .\Objects\test (DS1302)


            TYPE    BASE      LENGTH    RELOCATION   SEGMENT NAME
            -----------------------------------------------------

            * * * * * * *   D A T A   M E M O R Y   * * * * * * *
            REG     0000H     0008H     ABSOLUTE     "REG BANK 0"
            DATA    0008H     0002H     UNIT         _DATA_GROUP_
                    000AH     0016H                  *** GAP ***
            BIT     0020H.0   0000H.1   UNIT         _BIT_GROUP_
                    0020H.1   0000H.7                *** GAP ***
            DATA    0021H     002CH     UNIT         ?DT?MAIN
            IDATA   004DH     0001H     UNIT         ?STACK

            * * * * * * *   C O D E   M E M O R Y   * * * * * * *
            CODE    0000H     0003H     ABSOLUTE     
                    0003H     0008H                  *** GAP ***
            CODE    000BH     0003H     ABSOLUTE     
            CODE    000EH     0099H     UNIT         ?PR?KEY_SCAN?MAIN
            CODE    00A7H     008CH     UNIT         ?C_C51STARTUP
            CODE    0133H     007CH     UNIT         ?PR?SMG_SETPARA?MAIN
            CODE    01AFH     0078H     UNIT         ?PR?SMGSHOW_TIME?MAIN
            CODE    0227H     0051H     UNIT         ?PR?GET_TEMP?MAIN
            CODE    0278H     0050H     UNIT         ?PR?SMGSHOW_TEMP?MAIN
            CODE    02C8H     004BH     UNIT         ?C_INITSEG
            CODE    0313H     0041H     UNIT         ?PR?TIM0?MAIN
            CODE    0354H     0037H     UNIT         ?PR?WRITE_DS1302?MAIN
            CODE    038BH     0034H     UNIT         ?PR?_READ_DS1302_BYTE?DS1302
            CODE    03BFH     0033H     UNIT         ?PR?_HC138_SELECT?MAIN
            CODE    03F2H     002FH     UNIT         ?PR?_SMGSHOW_BIT?MAIN
            CODE    0421H     002BH     UNIT         ?CO?MAIN
            CODE    044CH     002AH     UNIT         ?PR?READ_DS1302?MAIN
            CODE    0476H     0027H     UNIT         ?PR?SMGSHOW?MAIN
            CODE    049DH     0027H     UNIT         ?PR?INIT_DS18B20?ONEWIRE
            CODE    04C4H     0024H     UNIT         ?PR?LED_WORK?MAIN
            CODE    04E8H     0023H     UNIT         ?PR?S5_WORK?MAIN
            CODE    050BH     001EH     UNIT         ?PR?_WRITE_DS18B20?ONEWIRE
            CODE    0529H     001DH     UNIT         ?PR?MAIN?MAIN
            CODE    0546H     001AH     UNIT         ?PR?READ_DS18B20?ONEWIRE
            CODE    0560H     0017H     UNIT         ?PR?_DELAY?MAIN
BL51 BANKED LINKER/LOCATER V6.22                                                      03/23/2022  17:02:55  PAGE 2


            CODE    0577H     0016H     UNIT         ?PR?_DELAY_ONEWIRE?ONEWIRE
            CODE    058DH     0014H     UNIT         ?PR?_WRITE_DS1302_BYTE?DS1302
            CODE    05A1H     0013H     UNIT         ?PR?_WRITE_DS1302?DS1302
            CODE    05B4H     0012H     UNIT         ?C?LIB_CODE
            CODE    05C6H     0010H     UNIT         ?PR?SYS_INIT?MAIN
            CODE    05D6H     0010H     UNIT         ?PR?TIM0_INIT?MAIN
            CODE    05E6H     000BH     UNIT         ?PR?_SMG_DELAY?MAIN
            CODE    05F1H     0009H     UNIT         ?PR?DELAY10MS?MAIN



OVERLAY MAP OF MODULE:   .\Objects\test (DS1302)


SEGMENT                                  BIT_GROUP          DATA_GROUP 
  +--> CALLED SEGMENT                 START    LENGTH     START    LENGTH
-------------------------------------------------------------------------
?C_C51STARTUP                         -----    -----      -----    -----
  +--> ?PR?MAIN?MAIN
  +--> ?C_INITSEG

?PR?MAIN?MAIN                         -----    -----      -----    -----
  +--> ?PR?TIM0_INIT?MAIN
  +--> ?PR?SYS_INIT?MAIN
  +--> ?PR?GET_TEMP?MAIN
  +--> ?PR?WRITE_DS1302?MAIN
  +--> ?PR?READ_DS1302?MAIN
  +--> ?PR?KEY_SCAN?MAIN
  +--> ?PR?S5_WORK?MAIN
  +--> ?PR?LED_WORK?MAIN
  +--> ?PR?SMGSHOW?MAIN

?PR?SYS_INIT?MAIN                     -----    -----      -----    -----
  +--> ?PR?_HC138_SELECT?MAIN

?PR?GET_TEMP?MAIN                     -----    -----      -----    -----
  +--> ?PR?INIT_DS18B20?ONEWIRE
  +--> ?PR?_WRITE_DS18B20?ONEWIRE
  +--> ?PR?_DELAY?MAIN
  +--> ?PR?READ_DS18B20?ONEWIRE

?PR?INIT_DS18B20?ONEWIRE              0020H.0  0000H.1    -----    -----
  +--> ?PR?_DELAY_ONEWIRE?ONEWIRE

?PR?_WRITE_DS18B20?ONEWIRE            -----    -----      -----    -----
  +--> ?PR?_DELAY_ONEWIRE?ONEWIRE

?PR?_DELAY?MAIN                       -----    -----      0008H    0002H
  +--> ?PR?SMGSHOW?MAIN

?PR?SMGSHOW?MAIN                      -----    -----      -----    -----
  +--> ?PR?SMG_SETPARA?MAIN
  +--> ?PR?SMGSHOW_TIME?MAIN
  +--> ?PR?SMGSHOW_TEMP?MAIN

?PR?SMG_SETPARA?MAIN                  -----    -----      -----    -----
  +--> ?PR?_SMGSHOW_BIT?MAIN
BL51 BANKED LINKER/LOCATER V6.22                                                      03/23/2022  17:02:55  PAGE 3


  +--> ?CO?MAIN

?PR?_SMGSHOW_BIT?MAIN                 -----    -----      -----    -----
  +--> ?CO?MAIN
  +--> ?PR?_HC138_SELECT?MAIN
  +--> ?PR?_SMG_DELAY?MAIN

?PR?SMGSHOW_TIME?MAIN                 -----    -----      -----    -----
  +--> ?CO?MAIN
  +--> ?PR?_SMGSHOW_BIT?MAIN

?PR?SMGSHOW_TEMP?MAIN                 -----    -----      -----    -----
  +--> ?CO?MAIN
  +--> ?PR?_SMGSHOW_BIT?MAIN

?PR?READ_DS18B20?ONEWIRE              -----    -----      -----    -----
  +--> ?PR?_DELAY_ONEWIRE?ONEWIRE

?PR?WRITE_DS1302?MAIN                 -----    -----      0008H    0002H
  +--> ?PR?_WRITE_DS1302_BYTE?DS1302

?PR?_WRITE_DS1302_BYTE?DS1302         -----    -----      -----    -----
  +--> ?PR?_WRITE_DS1302?DS1302

?PR?READ_DS1302?MAIN                  -----    -----      0008H    0002H
  +--> ?PR?_READ_DS1302_BYTE?DS1302

?PR?_READ_DS1302_BYTE?DS1302          -----    -----      -----    -----
  +--> ?PR?_WRITE_DS1302?DS1302

?PR?KEY_SCAN?MAIN                     -----    -----      -----    -----
  +--> ?PR?DELAY10MS?MAIN
  +--> ?PR?SMGSHOW?MAIN

?PR?S5_WORK?MAIN                      -----    -----      -----    -----
  +--> ?PR?GET_TEMP?MAIN

?PR?LED_WORK?MAIN                     -----    -----      -----    -----
  +--> ?PR?_HC138_SELECT?MAIN



SYMBOL TABLE OF MODULE:  .\Objects\test (DS1302)

  VALUE           TYPE          NAME
  ----------------------------------

  -------         MODULE        DS1302
  C:0000H         SYMBOL        _ICE_DUMMY_
  D:0080H         PUBLIC        P0
  D:0090H         PUBLIC        P1
  D:00A0H         PUBLIC        P2
  D:00B0H         PUBLIC        P3
  D:00E8H         PUBLIC        P4
  D:00A8H         PUBLIC        IE
  D:00B8H         PUBLIC        IP
  D:0098H         PUBLIC        SCON
BL51 BANKED LINKER/LOCATER V6.22                                                      03/23/2022  17:02:55  PAGE 4


  D:0088H         PUBLIC        TCON
  C:038BH         PUBLIC        _Read_Ds1302_Byte
  B:00A0H.3       PUBLIC        SDA
  B:0090H.7       PUBLIC        SCK
  C:058DH         PUBLIC        _Write_Ds1302_Byte
  D:00C8H         PUBLIC        T2CON
  C:05A1H         PUBLIC        _Write_Ds1302
  B:0090H.3       PUBLIC        RST
  D:00D0H         PUBLIC        PSW
  -------         PROC          _WRITE_DS1302
  D:0007H         SYMBOL        temp
  -------         DO            
  D:0006H         SYMBOL        i
  -------         ENDDO         
  C:05A1H         LINE#         15
  C:05A1H         LINE#         16
  C:05A1H         LINE#         18
  C:05A3H         LINE#         19
  C:05A3H         LINE#         20
  C:05A5H         LINE#         21
  C:05A9H         LINE#         22
  C:05ADH         LINE#         23
  C:05AFH         LINE#         24
  C:05B3H         LINE#         25
  -------         ENDPROC       _WRITE_DS1302
  -------         PROC          _WRITE_DS1302_BYTE
  D:0007H         SYMBOL        address
  D:0005H         SYMBOL        dat
  C:058DH         LINE#         27
  C:058DH         LINE#         28
  C:058DH         LINE#         29
  C:0590H         LINE#         30
  C:0593H         LINE#         31
  C:0596H         LINE#         32
  C:0599H         LINE#         33
  C:059EH         LINE#         34
  C:05A0H         LINE#         35
  -------         ENDPROC       _WRITE_DS1302_BYTE
  -------         PROC          _READ_DS1302_BYTE
  D:0007H         SYMBOL        address
  -------         DO            
  D:0007H         SYMBOL        i
  D:0005H         SYMBOL        temp
  -------         ENDDO         
  C:038BH         LINE#         37
  C:038BH         LINE#         38
  C:038BH         LINE#         39
  C:038DH         LINE#         40
  C:0390H         LINE#         41
  C:0393H         LINE#         42
  C:0396H         LINE#         43
  C:0399H         LINE#         44
  C:039BH         LINE#         45
  C:039BH         LINE#         46
  C:039DH         LINE#         47
  C:03A1H         LINE#         48
  C:03A4H         LINE#         49
BL51 BANKED LINKER/LOCATER V6.22                                                      03/23/2022  17:02:55  PAGE 5


  C:03A7H         LINE#         50
  C:03A9H         LINE#         51
  C:03ADH         LINE#         52
  C:03B0H         LINE#         53
  C:03B3H         LINE#         54
  C:03B6H         LINE#         55
  C:03B9H         LINE#         56
  C:03BCH         LINE#         57
  C:03BEH         LINE#         58
  -------         ENDPROC       _READ_DS1302_BYTE
  -------         ENDMOD        DS1302

  -------         MODULE        MAIN
  C:0000H         SYMBOL        _ICE_DUMMY_
  D:0080H         PUBLIC        P0
  D:0090H         PUBLIC        P1
  D:0021H         PUBLIC        temp_i
  D:00A0H         PUBLIC        P2
  D:00B0H         PUBLIC        P3
  D:00C0H         PUBLIC        P4
  D:00C8H         PUBLIC        P5
  B:00A8H.7       PUBLIC        EA
  D:00E8H         PUBLIC        P6
  D:00F8H         PUBLIC        P7
  D:0022H         PUBLIC        wr_ds1302addr
  C:0476H         PUBLIC        smgshow
  D:00A8H         PUBLIC        IE
  C:0560H         PUBLIC        _delay
  C:05D6H         PUBLIC        tim0_init
  D:00B8H         PUBLIC        IP
  D:0029H         PUBLIC        indiv_flag
  C:0133H         PUBLIC        smg_setpara
  C:044CH         PUBLIC        read_ds1302
  D:002AH         PUBLIC        temp_finish
  C:01AFH         PUBLIC        smgshow_time
  D:002BH         PUBLIC        flag_1s
  D:002CH         PUBLIC        temph
  D:002DH         PUBLIC        s4_flag
  D:00D8H         PUBLIC        CCON
  D:002EH         PUBLIC        ds1302_buff
  D:0031H         PUBLIC        s5_flag
  D:0032H         PUBLIC        templ
  C:0278H         PUBLIC        smgshow_temp
  D:0033H         PUBLIC        s6_flag
  C:0529H         PUBLIC        main
  D:0034H         PUBLIC        s7_flag
  C:0354H         PUBLIC        write_ds1302
  C:03F9H         PUBLIC        _smgshow_bit
  D:0035H         PUBLIC        s6_state
  D:0036H         PUBLIC        indiv_time
  B:00B0H.0       PUBLIC        P30
  D:0098H         PUBLIC        SCON
  B:00B0H.1       PUBLIC        P31
  C:05F1H         PUBLIC        Delay10ms
  D:0089H         PUBLIC        TMOD
  D:0088H         PUBLIC        TCON
  B:00B0H.2       PUBLIC        P32
BL51 BANKED LINKER/LOCATER V6.22                                                      03/23/2022  17:02:55  PAGE 6


  B:00B0H.3       PUBLIC        P33
  D:0037H         PUBLIC        temp
  C:05E6H         PUBLIC        _smg_delay
  D:0039H         PUBLIC        indiv_cnt
  B:00A8H.1       PUBLIC        ET0
  D:003AH         PUBLIC        cnt_1s
  D:008CH         PUBLIC        TH0
  C:03BFH         PUBLIC        _hc138_select
  C:04E8H         PUBLIC        s5_work
  C:0421H         PUBLIC        t_display
  D:008AH         PUBLIC        TL0
  C:000EH         PUBLIC        key_scan
  B:0088H.4       PUBLIC        TR0
  C:0227H         PUBLIC        get_temp
  C:04C4H         PUBLIC        led_work
  D:003BH         PUBLIC        led_stop
  D:003CH         PUBLIC        tempera
  D:0046H         PUBLIC        rd_ds1302addr
  C:05C6H         PUBLIC        sys_init
  D:00D0H         PUBLIC        PSW
  C:0313H         PUBLIC        tim0
  -------         PROC          _HC138_SELECT
  D:0007H         SYMBOL        n
  C:03BFH         LINE#         36
  C:03BFH         LINE#         37
  C:03BFH         LINE#         38
  C:03CEH         LINE#         39
  C:03CEH         LINE#         40
  C:03CEH         LINE#         41
  C:03D7H         LINE#         42
  C:03D7H         LINE#         43
  C:03E0H         LINE#         44
  C:03E0H         LINE#         45
  C:03E9H         LINE#         46
  C:03E9H         LINE#         47
  C:03F1H         LINE#         48
  C:03F1H         LINE#         49
  -------         ENDPROC       _HC138_SELECT
  -------         PROC          SYS_INIT
  C:05C6H         LINE#         51
  C:05C6H         LINE#         52
  C:05C6H         LINE#         53
  C:05CBH         LINE#         54
  C:05CEH         LINE#         55
  C:05D2H         LINE#         56
  C:05D5H         LINE#         57
  -------         ENDPROC       SYS_INIT
  -------         PROC          _DELAY
  D:0008H         SYMBOL        dat
  C:0560H         LINE#         59
  C:0564H         LINE#         60
  C:0564H         LINE#         61
  C:0571H         LINE#         62
  C:0576H         LINE#         63
  -------         ENDPROC       _DELAY
  -------         PROC          _SMG_DELAY
  D:0006H         SYMBOL        t
BL51 BANKED LINKER/LOCATER V6.22                                                      03/23/2022  17:02:55  PAGE 7


  C:05E6H         LINE#         65
  C:05E6H         LINE#         66
  C:05E6H         LINE#         67
  C:05F0H         LINE#         68
  -------         ENDPROC       _SMG_DELAY
  -------         PROC          L?0105
  -------         ENDPROC       L?0105
  -------         PROC          _SMGSHOW_BIT
  D:0006H         SYMBOL        pos
  D:0005H         SYMBOL        dat
  C:03F9H         LINE#         70
  C:03FBH         LINE#         71
  C:03FBH         LINE#         72
  C:0400H         LINE#         73
  C:040FH         LINE#         74
  C:0414H         LINE#         75
  C:0416H         LINE#         76
  C:041DH         LINE#         77
  C:0420H         LINE#         78
  -------         ENDPROC       _SMGSHOW_BIT
  -------         PROC          SMG_SETPARA
  C:0133H         LINE#         80
  C:0133H         LINE#         81
  C:0133H         LINE#         82
  C:013AH         LINE#         83
  C:013FH         LINE#         84
  C:0144H         LINE#         85
  C:0149H         LINE#         86
  C:014EH         LINE#         88
  C:015AH         LINE#         89
  C:015EH         LINE#         90
  C:015EH         LINE#         91
  C:0169H         LINE#         92
  C:016AH         LINE#         93
  C:016CH         LINE#         94
  C:0171H         LINE#         95
  C:0171H         LINE#         96
  C:0176H         LINE#         97
  C:0179H         LINE#         98
  C:017BH         LINE#         99
  C:0180H         LINE#         100
  C:0180H         LINE#         101
  C:018CH         LINE#         102
  C:018FH         LINE#         103
  C:0191H         LINE#         104
  C:0196H         LINE#         105
  C:0196H         LINE#         106
  C:01A2H         LINE#         107
  C:01AEH         LINE#         108
  C:01AEH         LINE#         109
  -------         ENDPROC       SMG_SETPARA
  -------         PROC          SMGSHOW_TIME
  C:01AFH         LINE#         111
  C:01AFH         LINE#         112
  C:01AFH         LINE#         113
  C:01BFH         LINE#         114
  C:01CBH         LINE#         116
BL51 BANKED LINKER/LOCATER V6.22                                                      03/23/2022  17:02:55  PAGE 8


  C:01CFH         LINE#         117
  C:01CFH         LINE#         118
  C:01D6H         LINE#         119
  C:01D6H         LINE#         120
  C:01D8H         LINE#         121
  C:01DDH         LINE#         122
  C:01DDH         LINE#         123
  C:01E9H         LINE#         124
  C:01F2H         LINE#         125
  C:01F2H         LINE#         127
  C:0202H         LINE#         128
  C:020EH         LINE#         130
  C:021BH         LINE#         131
  -------         ENDPROC       SMGSHOW_TIME
  -------         PROC          SMGSHOW_TEMP
  C:0278H         LINE#         134
  C:0278H         LINE#         135
  C:0278H         LINE#         136
  C:0284H         LINE#         138
  C:0289H         LINE#         139
  C:0293H         LINE#         141
  C:029FH         LINE#         143
  C:02B4H         LINE#         144
  -------         ENDPROC       SMGSHOW_TEMP
  -------         PROC          SMGSHOW
  C:0476H         LINE#         147
  C:0476H         LINE#         148
  C:0476H         LINE#         149
  C:0482H         LINE#         150
  C:0482H         LINE#         151
  C:0485H         LINE#         152
  C:0485H         LINE#         154
  C:048DH         LINE#         155
  C:048DH         LINE#         156
  C:0490H         LINE#         158
  C:0490H         LINE#         159
  C:0499H         LINE#         160
  C:0499H         LINE#         161
  C:049CH         LINE#         162
  C:049CH         LINE#         163
  -------         ENDPROC       SMGSHOW
  -------         PROC          TIM0_INIT
  C:05D6H         LINE#         165
  C:05D6H         LINE#         166
  C:05D6H         LINE#         167
  C:05D9H         LINE#         168
  C:05DCH         LINE#         169
  C:05DFH         LINE#         170
  C:05E1H         LINE#         171
  C:05E3H         LINE#         172
  C:05E5H         LINE#         173
  -------         ENDPROC       TIM0_INIT
  -------         PROC          TIM0
  C:0313H         LINE#         175
  C:031CH         LINE#         177
  C:031FH         LINE#         178
  C:0322H         LINE#         179
BL51 BANKED LINKER/LOCATER V6.22                                                      03/23/2022  17:02:55  PAGE 9


  C:0324H         LINE#         180
  C:032AH         LINE#         181
  C:032AH         LINE#         182
  C:032CH         LINE#         183
  C:0338H         LINE#         184
  C:0340H         LINE#         185
  C:0340H         LINE#         186
  C:0342H         LINE#         187
  C:0347H         LINE#         188
  C:0347H         LINE#         189
  C:034AH         LINE#         190
  C:034DH         LINE#         191
  C:034DH         LINE#         192
  C:034DH         LINE#         193
  C:034DH         LINE#         194
  -------         ENDPROC       TIM0
  -------         PROC          GET_TEMP
  C:0227H         LINE#         196
  C:0227H         LINE#         197
  C:0227H         LINE#         198
  C:022AH         LINE#         199
  C:022FH         LINE#         200
  C:0234H         LINE#         201
  C:023BH         LINE#         202
  C:023EH         LINE#         203
  C:0243H         LINE#         204
  C:0248H         LINE#         206
  C:024DH         LINE#         207
  C:0252H         LINE#         209
  C:0257H         LINE#         210
  C:025FH         LINE#         212
  C:0265H         LINE#         213
  C:0265H         LINE#         214
  C:0277H         LINE#         215
  C:0277H         LINE#         216
  -------         ENDPROC       GET_TEMP
  -------         PROC          S5_WORK
  C:04E8H         LINE#         218
  C:04E8H         LINE#         219
  C:04E8H         LINE#         220
  C:04ECH         LINE#         221
  C:04ECH         LINE#         222
  C:04F0H         LINE#         223
  C:04F0H         LINE#         224
  C:04F3H         LINE#         225
  C:04F6H         LINE#         226
  C:04FDH         LINE#         227
  C:04FFH         LINE#         228
  C:0504H         LINE#         229
  C:0504H         LINE#         230
  C:0507H         LINE#         231
  C:050AH         LINE#         232
  C:050AH         LINE#         233
  C:050AH         LINE#         234
  C:050AH         LINE#         235
  -------         ENDPROC       S5_WORK
  -------         PROC          LED_WORK
BL51 BANKED LINKER/LOCATER V6.22                                                      03/23/2022  17:02:55  PAGE 10


  C:04C4H         LINE#         237
  C:04C4H         LINE#         238
  C:04C4H         LINE#         239
  C:04CCH         LINE#         240
  C:04CCH         LINE#         241
  C:04D2H         LINE#         242
  C:04D2H         LINE#         243
  C:04D2H         LINE#         244
  C:04D2H         LINE#         245
  C:04D4H         LINE#         247
  C:04D4H         LINE#         248
  C:04D7H         LINE#         249
  C:04DAH         LINE#         250
  C:04DAH         LINE#         251
  C:04DBH         LINE#         252
  C:04DFH         LINE#         253
  C:04DFH         LINE#         254
  C:04E4H         LINE#         255
  C:04E7H         LINE#         256
  C:04E7H         LINE#         257
  -------         ENDPROC       LED_WORK
  -------         PROC          WRITE_DS1302
  -------         DO            
  D:0008H         SYMBOL        i
  -------         ENDDO         
  C:0354H         LINE#         259
  C:0354H         LINE#         260
  C:0354H         LINE#         262
  C:035BH         LINE#         263
  C:0360H         LINE#         264
  C:0360H         LINE#         265
  C:0371H         LINE#         266
  C:0384H         LINE#         267
  -------         ENDPROC       WRITE_DS1302
  -------         PROC          READ_DS1302
  -------         DO            
  D:0008H         SYMBOL        i
  -------         ENDDO         
  C:044CH         LINE#         270
  C:044CH         LINE#         271
  C:044CH         LINE#         273
  C:0451H         LINE#         274
  C:0451H         LINE#         275
  C:0462H         LINE#         276
  C:0475H         LINE#         277
  -------         ENDPROC       READ_DS1302
  -------         PROC          DELAY10MS
  -------         DO            
  D:0007H         SYMBOL        i
  D:0006H         SYMBOL        j
  -------         ENDDO         
  C:05F1H         LINE#         279
  C:05F1H         LINE#         280
  C:05F1H         LINE#         283
  C:05F3H         LINE#         284
  C:05F5H         LINE#         286
  C:05F5H         LINE#         287
BL51 BANKED LINKER/LOCATER V6.22                                                      03/23/2022  17:02:55  PAGE 11


  C:05F7H         LINE#         288
  C:05F9H         LINE#         289
  -------         ENDPROC       DELAY10MS
  -------         PROC          KEY_SCAN
  C:000EH         LINE#         292
  C:000EH         LINE#         293
  C:000EH         LINE#         294
  C:0011H         LINE#         295
  C:0011H         LINE#         296
  C:0014H         LINE#         297
  C:0017H         LINE#         298
  C:0017H         LINE#         299
  C:001AH         LINE#         300
  C:001AH         LINE#         301
  C:001DH         LINE#         302
  C:001FH         LINE#         303
  C:0021H         LINE#         305
  C:0026H         LINE#         306
  C:0026H         LINE#         307
  C:0029H         LINE#         308
  C:002BH         LINE#         309
  C:0030H         LINE#         310
  C:0030H         LINE#         311
  C:0033H         LINE#         312
  C:0035H         LINE#         313
  C:003AH         LINE#         314
  C:003AH         LINE#         315
  C:003DH         LINE#         316
  C:003DH         LINE#         317
  C:0042H         LINE#         318
  C:0042H         LINE#         319
  C:0045H         LINE#         320
  C:0048H         LINE#         321
  C:0048H         LINE#         322
  C:0048H         LINE#         323
  C:0048H         LINE#         325
  C:004BH         LINE#         326
  C:004BH         LINE#         327
  C:004EH         LINE#         328
  C:0051H         LINE#         329
  C:0051H         LINE#         330
  C:0054H         LINE#         331
  C:0054H         LINE#         332
  C:0057H         LINE#         333
  C:0059H         LINE#         335
  C:005BH         LINE#         336
  C:005EH         LINE#         338
  C:0060H         LINE#         339
  C:0062H         LINE#         340
  C:0064H         LINE#         341
  C:0064H         LINE#         342
  C:0064H         LINE#         344
  C:006DH         LINE#         345
  C:006DH         LINE#         346
  C:0070H         LINE#         347
  C:0073H         LINE#         348
  C:0073H         LINE#         349
BL51 BANKED LINKER/LOCATER V6.22                                                      03/23/2022  17:02:55  PAGE 12


  C:0076H         LINE#         350
  C:0076H         LINE#         351
  C:0079H         LINE#         352
  C:007BH         LINE#         353
  C:007EH         LINE#         354
  C:0080H         LINE#         355
  C:0083H         LINE#         356
  C:0086H         LINE#         358
  C:008BH         LINE#         359
  C:008BH         LINE#         360
  C:008EH         LINE#         361
  C:008EH         LINE#         362
  C:008EH         LINE#         363
  C:008EH         LINE#         365
  C:0091H         LINE#         366
  C:0091H         LINE#         367
  C:0094H         LINE#         368
  C:0097H         LINE#         369
  C:0097H         LINE#         370
  C:009AH         LINE#         371
  C:009AH         LINE#         372
  C:009DH         LINE#         373
  C:009FH         LINE#         374
  C:00A1H         LINE#         375
  C:00A4H         LINE#         376
  C:00A6H         LINE#         377
  C:00A6H         LINE#         378
  C:00A6H         LINE#         379
  -------         ENDPROC       KEY_SCAN
  -------         PROC          MAIN
  C:0529H         LINE#         381
  C:0529H         LINE#         382
  C:0529H         LINE#         383
  C:052CH         LINE#         384
  C:052FH         LINE#         385
  C:0532H         LINE#         386
  C:0535H         LINE#         387
  C:0535H         LINE#         388
  C:0535H         LINE#         389
  C:0538H         LINE#         390
  C:053BH         LINE#         391
  C:053EH         LINE#         392
  C:0541H         LINE#         393
  C:0544H         LINE#         394
  -------         ENDPROC       MAIN
  -------         ENDMOD        MAIN

  -------         MODULE        ONEWIRE
  C:0000H         SYMBOL        _ICE_DUMMY_
  D:0080H         PUBLIC        P0
  D:0090H         PUBLIC        P1
  D:00A0H         PUBLIC        P2
  D:00B0H         PUBLIC        P3
  D:00C0H         PUBLIC        P4
  C:0546H         PUBLIC        Read_DS18B20
  D:00C8H         PUBLIC        P5
  D:00E8H         PUBLIC        P6
BL51 BANKED LINKER/LOCATER V6.22                                                      03/23/2022  17:02:55  PAGE 13


  D:00F8H         PUBLIC        P7
  D:00A8H         PUBLIC        IE
  C:057BH         PUBLIC        _Delay_OneWire
  C:050BH         PUBLIC        _Write_DS18B20
  B:0090H.4       PUBLIC        DQ
  D:00B8H         PUBLIC        IP
  C:049DH         PUBLIC        init_ds18b20
  D:00D8H         PUBLIC        CCON
  D:0098H         PUBLIC        SCON
  D:0088H         PUBLIC        TCON
  D:00D0H         PUBLIC        PSW
  C:0577H         SYMBOL        L?0016
  -------         PROC          L?0015
  -------         ENDPROC       L?0015
  C:0577H         SYMBOL        L?0016
  -------         PROC          _DELAY_ONEWIRE
  D:0006H         SYMBOL        t
  C:057BH         LINE#         12
  C:057BH         LINE#         13
  C:057BH         LINE#         14
  C:0582H         LINE#         15
  C:058CH         LINE#         16
  -------         ENDPROC       _DELAY_ONEWIRE
  -------         PROC          _WRITE_DS18B20
  D:0003H         SYMBOL        dat
  -------         DO            
  D:0002H         SYMBOL        i
  -------         ENDDO         
  C:050BH         LINE#         19
  C:050DH         LINE#         20
  C:050DH         LINE#         22
  C:050FH         LINE#         23
  C:050FH         LINE#         24
  C:0511H         LINE#         25
  C:0515H         LINE#         26
  C:0518H         LINE#         27
  C:051AH         LINE#         28
  C:051EH         LINE#         29
  C:0522H         LINE#         30
  -------         ENDPROC       _WRITE_DS18B20
  -------         PROC          READ_DS18B20
  -------         DO            
  D:0002H         SYMBOL        i
  D:0003H         SYMBOL        dat
  -------         ENDDO         
  C:0546H         LINE#         34
  C:0546H         LINE#         35
  C:0546H         LINE#         39
  C:0548H         LINE#         40
  C:0548H         LINE#         41
  C:054AH         LINE#         42
  C:054EH         LINE#         43
  C:0550H         LINE#         44
  C:0553H         LINE#         45
  C:0553H         LINE#         46
  C:0556H         LINE#         47
  C:0556H         LINE#         48
BL51 BANKED LINKER/LOCATER V6.22                                                      03/23/2022  17:02:55  PAGE 14


  C:0559H         LINE#         49
  C:055DH         LINE#         50
  C:055FH         LINE#         51
  -------         ENDPROC       READ_DS18B20
  -------         PROC          INIT_DS18B20
  -------         DO            
  B:0020H.0       SYMBOL        initflag
  -------         ENDDO         
  C:049DH         LINE#         54
  C:049DH         LINE#         55
  C:049DH         LINE#         56
  C:049FH         LINE#         58
  C:04A1H         LINE#         59
  C:04A8H         LINE#         60
  C:04AAH         LINE#         61
  C:04B1H         LINE#         62
  C:04B3H         LINE#         63
  C:04BAH         LINE#         64
  C:04BEH         LINE#         65
  C:04C1H         LINE#         67
  C:04C3H         LINE#         68
  -------         ENDPROC       INIT_DS18B20
  -------         ENDMOD        ONEWIRE

  -------         MODULE        ?C?IMUL
  C:05B4H         PUBLIC        ?C?IMUL
  -------         ENDMOD        ?C?IMUL

Program Size: data=55.1 xdata=0 code=1522
LINK/LOCATE RUN COMPLETE.  0 WARNING(S),  0 ERROR(S)
