BL51 BANKED LINKER/LOCATER V6.22                                                        04/02/2022  19:41:33  PAGE 1


BL51 BANKED LINKER/LOCATER V6.22, INVOKED BY:
D:\KEIL5\INSTALLED FILE\C51\BIN\BL51.EXE .\Objects\main.obj, .\Objects\iic.obj, .\Objects\onewire.obj TO .\Objects\test 
>> PRINT (.\Listings\test.m51) RAMSIZE (256)


MEMORY MODEL: SMALL


INPUT MODULES INCLUDED:
  .\Objects\main.obj (MAIN)
  .\Objects\iic.obj (IIC)
  .\Objects\onewire.obj (ONEWIRE)
  D:\KEIL5\INSTALLED FILE\C51\LIB\C51S.LIB (?C_STARTUP)
  D:\KEIL5\INSTALLED FILE\C51\LIB\C51S.LIB (?C?SCDIV)
  D:\KEIL5\INSTALLED FILE\C51\LIB\C51S.LIB (?C?IMUL)
  D:\KEIL5\INSTALLED FILE\C51\LIB\C51S.LIB (?C?UIDIV)
  D:\KEIL5\INSTALLED FILE\C51\LIB\C51S.LIB (?C_INIT)


LINK MAP OF MODULE:  .\Objects\test (MAIN)


            TYPE    BASE      LENGTH    RELOCATION   SEGMENT NAME
            -----------------------------------------------------

            * * * * * * *   D A T A   M E M O R Y   * * * * * * *
            REG     0000H     0008H     ABSOLUTE     "REG BANK 0"
            DATA    0008H     000AH     UNIT         ?DT?MAIN
            DATA    0012H     0002H     UNIT         _DATA_GROUP_
                    0014H     000CH                  *** GAP ***
            BIT     0020H.0   0000H.1   UNIT         ?BI?IIC_SENDACK?IIC
            BIT     0020H.1   0000H.1   UNIT         _BIT_GROUP_
                    0020H.2   0000H.6                *** GAP ***
            IDATA   0021H     0001H     UNIT         ?STACK

            * * * * * * *   C O D E   M E M O R Y   * * * * * * *
            CODE    0000H     0003H     ABSOLUTE     
            CODE    0003H     00CEH     UNIT         ?PR?KEY_SCAN?MAIN
            CODE    00D1H     0091H     UNIT         ?PR?TEMP_DETECT?MAIN
            CODE    0162H     008CH     UNIT         ?C_C51STARTUP
            CODE    01EEH     0089H     UNIT         ?C?LIB_CODE
            CODE    0277H     0080H     UNIT         ?PR?SMGSHOW_SETTEMP?MAIN
            CODE    02F7H     0055H     UNIT         ?PR?GET_TEMP?MAIN
            CODE    034CH     003AH     UNIT         ?PR?_HC138_SELECT?MAIN
            CODE    0386H     0038H     UNIT         ?PR?SMGSHOW_TEMP?MAIN
            CODE    03BEH     0034H     UNIT         ?PR?_SMGSHOW_BIT?MAIN
            CODE    03F2H     002CH     UNIT         ?PR?_IIC_SENDBYTE?IIC
            CODE    041EH     002BH     UNIT         ?CO?MAIN
            CODE    0449H     0027H     UNIT         ?PR?INIT_DS18B20?ONEWIRE
            CODE    0470H     0020H     UNIT         ?PR?_PCF8591_DAC?MAIN
            CODE    0490H     001EH     UNIT         ?PR?_WRITE_DS18B20?ONEWIRE
            CODE    04AEH     001DH     UNIT         ?PR?IIC_RECBYTE?IIC
            CODE    04CBH     001AH     UNIT         ?PR?READ_DS18B20?ONEWIRE
            CODE    04E5H     0017H     UNIT         ?PR?_DELAY?MAIN
            CODE    04FCH     0017H     UNIT         ?PR?IIC_SENDACK?IIC
            CODE    0513H     0016H     UNIT         ?PR?_DELAY_ONEWIRE?ONEWIRE
            CODE    0529H     0011H     UNIT         ?PR?MAIN?MAIN
            CODE    053AH     0011H     UNIT         ?PR?IIC_WAITACK?IIC
BL51 BANKED LINKER/LOCATER V6.22                                                      04/02/2022  19:41:33  PAGE 2


            CODE    054BH     0010H     UNIT         ?PR?SYS_INIT?MAIN
            CODE    055BH     000FH     UNIT         ?PR?IIC_START?IIC
            CODE    056AH     000DH     UNIT         ?C_INITSEG
            CODE    0577H     000CH     UNIT         ?PR?SMGSHOW?MAIN
            CODE    0583H     000CH     UNIT         ?PR?_IIC_DELAY?IIC
            CODE    058FH     000CH     UNIT         ?PR?IIC_STOP?IIC
            CODE    059BH     0009H     UNIT         ?PR?SMG_DELAY?MAIN
            CODE    05A4H     0009H     UNIT         ?PR?DELAY10MS?MAIN



OVERLAY MAP OF MODULE:   .\Objects\test (MAIN)


SEGMENT                               BIT_GROUP          DATA_GROUP 
  +--> CALLED SEGMENT              START    LENGTH     START    LENGTH
----------------------------------------------------------------------
?C_C51STARTUP                      -----    -----      -----    -----
  +--> ?PR?MAIN?MAIN
  +--> ?C_INITSEG

?PR?MAIN?MAIN                      -----    -----      -----    -----
  +--> ?PR?SYS_INIT?MAIN
  +--> ?PR?KEY_SCAN?MAIN
  +--> ?PR?GET_TEMP?MAIN
  +--> ?PR?TEMP_DETECT?MAIN
  +--> ?PR?SMGSHOW?MAIN

?PR?SYS_INIT?MAIN                  -----    -----      -----    -----
  +--> ?PR?_HC138_SELECT?MAIN

?PR?KEY_SCAN?MAIN                  -----    -----      -----    -----
  +--> ?PR?DELAY10MS?MAIN
  +--> ?PR?SMGSHOW?MAIN

?PR?SMGSHOW?MAIN                   -----    -----      -----    -----
  +--> ?PR?SMGSHOW_SETTEMP?MAIN
  +--> ?PR?SMGSHOW_TEMP?MAIN

?PR?SMGSHOW_SETTEMP?MAIN           -----    -----      -----    -----
  +--> ?CO?MAIN
  +--> ?PR?_SMGSHOW_BIT?MAIN

?PR?_SMGSHOW_BIT?MAIN              -----    -----      -----    -----
  +--> ?CO?MAIN
  +--> ?PR?_HC138_SELECT?MAIN
  +--> ?PR?SMG_DELAY?MAIN

?PR?SMGSHOW_TEMP?MAIN              -----    -----      -----    -----
  +--> ?CO?MAIN
  +--> ?PR?_SMGSHOW_BIT?MAIN

?PR?GET_TEMP?MAIN                  -----    -----      -----    -----
  +--> ?PR?INIT_DS18B20?ONEWIRE
  +--> ?PR?_WRITE_DS18B20?ONEWIRE
  +--> ?PR?_DELAY?MAIN
  +--> ?PR?READ_DS18B20?ONEWIRE
BL51 BANKED LINKER/LOCATER V6.22                                                      04/02/2022  19:41:33  PAGE 3



?PR?INIT_DS18B20?ONEWIRE           0020H.1  0000H.1    -----    -----
  +--> ?PR?_DELAY_ONEWIRE?ONEWIRE

?PR?_WRITE_DS18B20?ONEWIRE         -----    -----      -----    -----
  +--> ?PR?_DELAY_ONEWIRE?ONEWIRE

?PR?_DELAY?MAIN                    -----    -----      0012H    0002H
  +--> ?PR?SMGSHOW?MAIN

?PR?READ_DS18B20?ONEWIRE           -----    -----      -----    -----
  +--> ?PR?_DELAY_ONEWIRE?ONEWIRE

?PR?TEMP_DETECT?MAIN               -----    -----      -----    -----
  +--> ?PR?_HC138_SELECT?MAIN
  +--> ?PR?_PCF8591_DAC?MAIN

?PR?_PCF8591_DAC?MAIN              -----    -----      0012H    0001H
  +--> ?PR?IIC_START?IIC
  +--> ?PR?_IIC_SENDBYTE?IIC
  +--> ?PR?IIC_WAITACK?IIC
  +--> ?PR?IIC_STOP?IIC

?PR?IIC_START?IIC                  -----    -----      -----    -----
  +--> ?PR?_IIC_DELAY?IIC

?PR?_IIC_SENDBYTE?IIC              -----    -----      -----    -----
  +--> ?PR?_IIC_DELAY?IIC

?PR?IIC_WAITACK?IIC                0020H.1  0000H.1    -----    -----
  +--> ?PR?_IIC_DELAY?IIC

?PR?IIC_STOP?IIC                   -----    -----      -----    -----
  +--> ?PR?_IIC_DELAY?IIC



SYMBOL TABLE OF MODULE:  .\Objects\test (MAIN)

  VALUE           TYPE          NAME
  ----------------------------------

  -------         MODULE        MAIN
  C:0000H         SYMBOL        _ICE_DUMMY_
  D:0080H         PUBLIC        P0
  D:0090H         PUBLIC        P1
  D:00A0H         PUBLIC        P2
  D:00B0H         PUBLIC        P3
  D:00C0H         PUBLIC        P4
  D:00C8H         PUBLIC        P5
  D:00E8H         PUBLIC        P6
  D:00F8H         PUBLIC        P7
  C:0577H         PUBLIC        smgshow
  D:00A8H         PUBLIC        IE
  C:04E5H         PUBLIC        _delay
  C:00D1H         PUBLIC        temp_detect
  D:00B8H         PUBLIC        IP
BL51 BANKED LINKER/LOCATER V6.22                                                      04/02/2022  19:41:33  PAGE 4


  D:0008H         PUBLIC        t_min
  D:0009H         PUBLIC        t_max
  C:0470H         PUBLIC        _pcf8591_dac
  D:000AH         PUBLIC        temph
  D:000BH         SYMBOL        s4_flag
  C:041EH         PUBLIC        smg_display
  D:00D8H         PUBLIC        CCON
  D:000CH         SYMBOL        s5_flag
  D:000DH         PUBLIC        templ
  C:0386H         PUBLIC        smgshow_temp
  C:0529H         PUBLIC        main
  C:03CEH         PUBLIC        _smgshow_bit
  B:0080H.0       PUBLIC        P00
  B:0080H.1       PUBLIC        P01
  B:0080H.2       PUBLIC        P02
  B:00B0H.0       PUBLIC        P30
  B:0080H.3       PUBLIC        P03
  D:0098H         PUBLIC        SCON
  B:00B0H.1       PUBLIC        P31
  C:05A4H         PUBLIC        Delay10ms
  D:0088H         PUBLIC        TCON
  B:00B0H.2       PUBLIC        P32
  B:00B0H.3       PUBLIC        P33
  D:000EH         PUBLIC        temp
  C:059BH         PUBLIC        smg_delay
  D:0010H         PUBLIC        t_min_pre
  D:0011H         PUBLIC        t_max_pre
  C:0353H         PUBLIC        _hc138_select
  C:0003H         PUBLIC        key_scan
  C:02F7H         PUBLIC        get_temp
  C:0277H         PUBLIC        smgshow_settemp
  C:054BH         PUBLIC        sys_init
  D:00D0H         PUBLIC        PSW
  -------         PROC          L?0074
  -------         ENDPROC       L?0074
  -------         PROC          _HC138_SELECT
  D:0007H         SYMBOL        n
  C:0353H         LINE#         28
  C:0353H         LINE#         29
  C:0353H         LINE#         30
  C:0362H         LINE#         31
  C:0362H         LINE#         32
  C:0362H         LINE#         33
  C:036BH         LINE#         34
  C:036BH         LINE#         35
  C:0374H         LINE#         36
  C:0374H         LINE#         37
  C:037DH         LINE#         38
  C:037DH         LINE#         39
  C:0385H         LINE#         40
  C:0385H         LINE#         41
  -------         ENDPROC       _HC138_SELECT
  -------         PROC          SMG_DELAY
  -------         DO            
  D:0007H         SYMBOL        t
  -------         ENDDO         
  C:059BH         LINE#         43
BL51 BANKED LINKER/LOCATER V6.22                                                      04/02/2022  19:41:33  PAGE 5


  C:059BH         LINE#         44
  C:059BH         LINE#         45
  C:059DH         LINE#         46
  C:05A3H         LINE#         47
  -------         ENDPROC       SMG_DELAY
  -------         PROC          L?0073
  -------         ENDPROC       L?0073
  -------         PROC          _SMGSHOW_BIT
  D:0006H         SYMBOL        pos
  D:0005H         SYMBOL        dat
  C:03CEH         LINE#         49
  C:03D0H         LINE#         50
  C:03D0H         LINE#         51
  C:03D5H         LINE#         52
  C:03E4H         LINE#         53
  C:03E9H         LINE#         54
  C:03EBH         LINE#         55
  C:03EEH         LINE#         56
  C:03F1H         LINE#         57
  -------         ENDPROC       _SMGSHOW_BIT
  -------         PROC          SYS_INIT
  C:054BH         LINE#         59
  C:054BH         LINE#         60
  C:054BH         LINE#         61
  C:054DH         LINE#         62
  C:054DH         LINE#         63
  C:0550H         LINE#         64
  C:0553H         LINE#         65
  C:0554H         LINE#         66
  C:0554H         LINE#         67
  C:0557H         LINE#         68
  C:055AH         LINE#         69
  -------         ENDPROC       SYS_INIT
  -------         PROC          _DELAY
  D:0012H         SYMBOL        tt
  C:04E5H         LINE#         71
  C:04E9H         LINE#         72
  C:04E9H         LINE#         73
  C:04F6H         LINE#         74
  C:04F6H         LINE#         75
  C:04F9H         LINE#         76
  C:04FBH         LINE#         77
  -------         ENDPROC       _DELAY
  -------         PROC          GET_TEMP
  C:02F7H         LINE#         79
  C:02F7H         LINE#         80
  C:02F7H         LINE#         81
  C:02FAH         LINE#         82
  C:02FFH         LINE#         83
  C:0304H         LINE#         84
  C:030BH         LINE#         85
  C:030EH         LINE#         86
  C:0313H         LINE#         87
  C:0318H         LINE#         88
  C:031DH         LINE#         89
  C:0322H         LINE#         90
  C:0325H         LINE#         92
BL51 BANKED LINKER/LOCATER V6.22                                                      04/02/2022  19:41:33  PAGE 6


  C:032BH         LINE#         93
  C:0333H         LINE#         94
  C:0339H         LINE#         95
  C:0339H         LINE#         96
  C:034BH         LINE#         97
  C:034BH         LINE#         98
  -------         ENDPROC       GET_TEMP
  -------         PROC          SMGSHOW_TEMP
  C:0386H         LINE#         100
  C:0386H         LINE#         101
  C:0386H         LINE#         102
  C:0392H         LINE#         103
  C:03A0H         LINE#         104
  -------         ENDPROC       SMGSHOW_TEMP
  -------         PROC          SMGSHOW_SETTEMP
  C:0277H         LINE#         107
  C:0277H         LINE#         108
  C:0277H         LINE#         109
  C:0283H         LINE#         111
  C:02A3H         LINE#         112
  C:02C5H         LINE#         114
  C:02D5H         LINE#         115
  -------         ENDPROC       SMGSHOW_SETTEMP
  -------         PROC          _PCF8591_DAC
  D:0012H         SYMBOL        dat
  C:0470H         LINE#         118
  C:0472H         LINE#         119
  C:0472H         LINE#         120
  C:0475H         LINE#         121
  C:047AH         LINE#         122
  C:047DH         LINE#         123
  C:0482H         LINE#         124
  C:0485H         LINE#         125
  C:048AH         LINE#         126
  C:048DH         LINE#         127
  -------         ENDPROC       _PCF8591_DAC
  -------         PROC          TEMP_DETECT
  C:00D1H         LINE#         130
  C:00D1H         LINE#         131
  C:00D1H         LINE#         132
  C:00DEH         LINE#         133
  C:00DEH         LINE#         134
  C:00E3H         LINE#         135
  C:00E5H         LINE#         136
  C:00E7H         LINE#         137
  C:00E9H         LINE#         138
  C:00EBH         LINE#         139
  C:00ECH         LINE#         140
  C:00FCH         LINE#         141
  C:00FCH         LINE#         142
  C:0101H         LINE#         143
  C:0106H         LINE#         144
  C:0108H         LINE#         145
  C:010AH         LINE#         146
  C:010CH         LINE#         147
  C:010EH         LINE#         148
  C:010FH         LINE#         149
BL51 BANKED LINKER/LOCATER V6.22                                                      04/02/2022  19:41:33  PAGE 7


  C:011FH         LINE#         150
  C:011FH         LINE#         151
  C:0124H         LINE#         152
  C:0129H         LINE#         153
  C:012BH         LINE#         154
  C:012DH         LINE#         155
  C:012DH         LINE#         156
  C:012DH         LINE#         157
  C:012FH         LINE#         158
  C:014FH         LINE#         159
  C:014FH         LINE#         160
  C:0154H         LINE#         161
  C:0159H         LINE#         162
  C:015BH         LINE#         163
  C:015DH         LINE#         164
  C:015FH         LINE#         165
  C:0161H         LINE#         166
  C:0161H         LINE#         167
  -------         ENDPROC       TEMP_DETECT
  -------         PROC          DELAY10MS
  -------         DO            
  D:0007H         SYMBOL        i
  D:0006H         SYMBOL        j
  -------         ENDDO         
  C:05A4H         LINE#         169
  C:05A4H         LINE#         170
  C:05A4H         LINE#         173
  C:05A6H         LINE#         174
  C:05A8H         LINE#         176
  C:05A8H         LINE#         177
  C:05AAH         LINE#         178
  C:05ACH         LINE#         179
  -------         ENDPROC       DELAY10MS
  -------         PROC          KEY_SCAN
  C:0003H         LINE#         182
  C:0003H         LINE#         183
  C:0003H         LINE#         184
  C:0006H         LINE#         185
  C:0006H         LINE#         186
  C:0009H         LINE#         187
  C:000CH         LINE#         188
  C:000CH         LINE#         189
  C:000FH         LINE#         190
  C:0014H         LINE#         191
  C:0016H         LINE#         192
  C:001BH         LINE#         193
  C:001BH         LINE#         194
  C:001EH         LINE#         195
  C:0021H         LINE#         196
  C:0024H         LINE#         197
  C:0024H         LINE#         198
  C:0029H         LINE#         199
  C:0029H         LINE#         200
  C:002CH         LINE#         201
  C:0039H         LINE#         202
  C:0039H         LINE#         203
  C:003CH         LINE#         204
BL51 BANKED LINKER/LOCATER V6.22                                                      04/02/2022  19:41:33  PAGE 8


  C:003FH         LINE#         205
  C:003FH         LINE#         206
  C:003FH         LINE#         207
  C:003FH         LINE#         208
  C:003FH         LINE#         209
  C:0042H         LINE#         210
  C:0042H         LINE#         211
  C:0045H         LINE#         212
  C:0048H         LINE#         213
  C:0048H         LINE#         214
  C:004BH         LINE#         215
  C:0050H         LINE#         216
  C:0052H         LINE#         217
  C:0057H         LINE#         218
  C:005AH         LINE#         219
  C:005AH         LINE#         220
  C:005AH         LINE#         222
  C:0062H         LINE#         223
  C:0062H         LINE#         224
  C:0065H         LINE#         225
  C:0068H         LINE#         226
  C:0068H         LINE#         227
  C:006BH         LINE#         228
  C:0070H         LINE#         230
  C:0074H         LINE#         231
  C:0074H         LINE#         232
  C:0076H         LINE#         233
  C:0076H         LINE#         235
  C:007BH         LINE#         236
  C:007BH         LINE#         237
  C:007DH         LINE#         238
  C:007DH         LINE#         239
  C:007DH         LINE#         240
  C:007DH         LINE#         242
  C:0085H         LINE#         243
  C:0085H         LINE#         244
  C:0088H         LINE#         245
  C:008BH         LINE#         246
  C:008BH         LINE#         247
  C:008EH         LINE#         248
  C:0093H         LINE#         250
  C:0097H         LINE#         251
  C:0097H         LINE#         252
  C:0099H         LINE#         253
  C:0099H         LINE#         255
  C:009EH         LINE#         256
  C:009EH         LINE#         257
  C:00A0H         LINE#         258
  C:00A0H         LINE#         259
  C:00A0H         LINE#         260
  C:00A0H         LINE#         262
  C:00A9H         LINE#         263
  C:00ACH         LINE#         264
  C:00B5H         LINE#         265
  C:00B8H         LINE#         266
  C:00C1H         LINE#         267
  C:00C4H         LINE#         268
BL51 BANKED LINKER/LOCATER V6.22                                                      04/02/2022  19:41:33  PAGE 9


  C:00CDH         LINE#         269
  C:00D0H         LINE#         270
  -------         ENDPROC       KEY_SCAN
  -------         PROC          SMGSHOW
  C:0577H         LINE#         273
  C:0577H         LINE#         274
  C:0577H         LINE#         275
  C:057CH         LINE#         276
  C:057CH         LINE#         277
  C:057FH         LINE#         278
  C:057FH         LINE#         280
  C:0582H         LINE#         281
  -------         ENDPROC       SMGSHOW
  -------         PROC          MAIN
  C:0529H         LINE#         283
  C:0529H         LINE#         284
  C:0529H         LINE#         285
  C:052CH         LINE#         286
  C:052CH         LINE#         287
  C:052CH         LINE#         288
  C:052FH         LINE#         289
  C:0532H         LINE#         290
  C:0535H         LINE#         291
  C:0538H         LINE#         292
  -------         ENDPROC       MAIN
  -------         ENDMOD        MAIN

  -------         MODULE        IIC
  C:0000H         SYMBOL        _ICE_DUMMY_
  D:0080H         PUBLIC        P0
  D:0090H         PUBLIC        P1
  D:00A0H         PUBLIC        P2
  D:00B0H         PUBLIC        P3
  D:00C0H         PUBLIC        P4
  D:00C8H         PUBLIC        P5
  D:00E8H         PUBLIC        P6
  D:00F8H         PUBLIC        P7
  D:00A8H         PUBLIC        IE
  D:00B8H         PUBLIC        IP
  D:00D8H         PUBLIC        CCON
  C:0587H         PUBLIC        _IIC_Delay
  D:0098H         PUBLIC        SCON
  D:0088H         PUBLIC        TCON
  C:055BH         PUBLIC        IIC_Start
  C:04FCH         PUBLIC        IIC_SendAck
  B:00A0H.1       PUBLIC        SDA
  C:03F2H         PUBLIC        _IIC_SendByte
  C:053AH         PUBLIC        IIC_WaitAck
  C:058FH         PUBLIC        IIC_Stop
  B:00A0H.0       PUBLIC        SCL
  C:04AEH         PUBLIC        IIC_RecByte
  D:00D0H         PUBLIC        PSW
  C:0583H         SYMBOL        L?0021
  -------         PROC          L?0020
  -------         ENDPROC       L?0020
  C:0583H         SYMBOL        L?0021
  -------         PROC          _IIC_DELAY
BL51 BANKED LINKER/LOCATER V6.22                                                      04/02/2022  19:41:33  PAGE 10


  D:0007H         SYMBOL        i
  C:0587H         LINE#         20
  C:0587H         LINE#         21
  C:0587H         LINE#         22
  C:0588H         LINE#         23
  C:058EH         LINE#         24
  -------         ENDPROC       _IIC_DELAY
  -------         PROC          IIC_START
  C:055BH         LINE#         26
  C:055BH         LINE#         27
  C:055BH         LINE#         28
  C:055DH         LINE#         29
  C:055DH         LINE#         30
  C:0560H         LINE#         31
  C:0562H         LINE#         32
  C:0567H         LINE#         33
  C:0569H         LINE#         34
  -------         ENDPROC       IIC_START
  -------         PROC          IIC_STOP
  C:058FH         LINE#         37
  C:058FH         LINE#         38
  C:058FH         LINE#         39
  C:0591H         LINE#         40
  C:0591H         LINE#         41
  C:0594H         LINE#         42
  C:0596H         LINE#         43
  -------         ENDPROC       IIC_STOP
  -------         PROC          IIC_SENDACK
  B:0020H.0       SYMBOL        ackbit
  C:04FCH         LINE#         47
  C:04FCH         LINE#         48
  C:04FCH         LINE#         49
  C:04FEH         LINE#         50
  C:0502H         LINE#         51
  C:0507H         LINE#         52
  C:0507H         LINE#         53
  C:050AH         LINE#         54
  C:050CH         LINE#         55
  C:050EH         LINE#         56
  -------         ENDPROC       IIC_SENDACK
  -------         PROC          IIC_WAITACK
  -------         DO            
  B:0020H.1       SYMBOL        ackbit
  -------         ENDDO         
  C:053AH         LINE#         60
  C:053AH         LINE#         61
  C:053AH         LINE#         64
  C:053AH         LINE#         65
  C:053DH         LINE#         66
  C:0541H         LINE#         67
  C:0543H         LINE#         68
  C:0548H         LINE#         69
  C:054AH         LINE#         70
  -------         ENDPROC       IIC_WAITACK
  -------         PROC          _IIC_SENDBYTE
  D:0005H         SYMBOL        byt
  -------         DO            
BL51 BANKED LINKER/LOCATER V6.22                                                      04/02/2022  19:41:33  PAGE 11


  D:0004H         SYMBOL        i
  -------         ENDDO         
  C:03F2H         LINE#         73
  C:03F4H         LINE#         74
  C:03F4H         LINE#         77
  C:03F6H         LINE#         78
  C:03F6H         LINE#         79
  C:03F8H         LINE#         80
  C:03FDH         LINE#         81
  C:0405H         LINE#         82
  C:0407H         LINE#         83
  C:040CH         LINE#         84
  C:040EH         LINE#         85
  C:0412H         LINE#         86
  C:0417H         LINE#         87
  C:041BH         LINE#         88
  C:041DH         LINE#         89
  -------         ENDPROC       _IIC_SENDBYTE
  -------         PROC          IIC_RECBYTE
  -------         DO            
  D:0004H         SYMBOL        i
  D:0005H         SYMBOL        da
  -------         ENDDO         
  C:04AEH         LINE#         92
  C:04AEH         LINE#         93
  C:04AEH         LINE#         95
  C:04B0H         LINE#         96
  C:04B0H         LINE#         97
  C:04B0H         LINE#         98
  C:04B3H         LINE#         99
  C:04B7H         LINE#         100
  C:04BDH         LINE#         101
  C:04BFH         LINE#         102
  C:04C4H         LINE#         103
  C:04C8H         LINE#         104
  C:04CAH         LINE#         105
  -------         ENDPROC       IIC_RECBYTE
  -------         ENDMOD        IIC

  -------         MODULE        ONEWIRE
  C:0000H         SYMBOL        _ICE_DUMMY_
  D:0080H         PUBLIC        P0
  D:0090H         PUBLIC        P1
  D:00A0H         PUBLIC        P2
  D:00B0H         PUBLIC        P3
  D:00C0H         PUBLIC        P4
  C:04CBH         PUBLIC        Read_DS18B20
  D:00C8H         PUBLIC        P5
  D:00E8H         PUBLIC        P6
  D:00F8H         PUBLIC        P7
  D:00A8H         PUBLIC        IE
  C:0517H         PUBLIC        _Delay_OneWire
  C:0490H         PUBLIC        _Write_DS18B20
  B:0090H.4       PUBLIC        DQ
  D:00B8H         PUBLIC        IP
  C:0449H         PUBLIC        init_ds18b20
  D:00D8H         PUBLIC        CCON
BL51 BANKED LINKER/LOCATER V6.22                                                      04/02/2022  19:41:33  PAGE 12


  D:0098H         PUBLIC        SCON
  D:0088H         PUBLIC        TCON
  D:00D0H         PUBLIC        PSW
  C:0513H         SYMBOL        L?0016
  -------         PROC          L?0015
  -------         ENDPROC       L?0015
  C:0513H         SYMBOL        L?0016
  -------         PROC          _DELAY_ONEWIRE
  D:0006H         SYMBOL        t
  C:0517H         LINE#         12
  C:0517H         LINE#         13
  C:0517H         LINE#         14
  C:051EH         LINE#         15
  C:0528H         LINE#         16
  -------         ENDPROC       _DELAY_ONEWIRE
  -------         PROC          _WRITE_DS18B20
  D:0003H         SYMBOL        dat
  -------         DO            
  D:0002H         SYMBOL        i
  -------         ENDDO         
  C:0490H         LINE#         19
  C:0492H         LINE#         20
  C:0492H         LINE#         22
  C:0494H         LINE#         23
  C:0494H         LINE#         24
  C:0496H         LINE#         25
  C:049AH         LINE#         26
  C:049DH         LINE#         27
  C:049FH         LINE#         28
  C:04A3H         LINE#         29
  C:04A7H         LINE#         30
  -------         ENDPROC       _WRITE_DS18B20
  -------         PROC          READ_DS18B20
  -------         DO            
  D:0002H         SYMBOL        i
  D:0003H         SYMBOL        dat
  -------         ENDDO         
  C:04CBH         LINE#         34
  C:04CBH         LINE#         35
  C:04CBH         LINE#         39
  C:04CDH         LINE#         40
  C:04CDH         LINE#         41
  C:04CFH         LINE#         42
  C:04D3H         LINE#         43
  C:04D5H         LINE#         44
  C:04D8H         LINE#         45
  C:04D8H         LINE#         46
  C:04DBH         LINE#         47
  C:04DBH         LINE#         48
  C:04DEH         LINE#         49
  C:04E2H         LINE#         50
  C:04E4H         LINE#         51
  -------         ENDPROC       READ_DS18B20
  -------         PROC          INIT_DS18B20
  -------         DO            
  B:0020H.1       SYMBOL        initflag
  -------         ENDDO         
BL51 BANKED LINKER/LOCATER V6.22                                                      04/02/2022  19:41:33  PAGE 13


  C:0449H         LINE#         54
  C:0449H         LINE#         55
  C:0449H         LINE#         56
  C:044BH         LINE#         58
  C:044DH         LINE#         59
  C:0454H         LINE#         60
  C:0456H         LINE#         61
  C:045DH         LINE#         62
  C:045FH         LINE#         63
  C:0466H         LINE#         64
  C:046AH         LINE#         65
  C:046DH         LINE#         67
  C:046FH         LINE#         68
  -------         ENDPROC       INIT_DS18B20
  -------         ENDMOD        ONEWIRE

  -------         MODULE        ?C?SCDIV
  C:01EEH         PUBLIC        ?C?SCDIV
  -------         ENDMOD        ?C?SCDIV

  -------         MODULE        ?C?IMUL
  C:0210H         PUBLIC        ?C?IMUL
  -------         ENDMOD        ?C?IMUL

  -------         MODULE        ?C?UIDIV
  C:0222H         PUBLIC        ?C?UIDIV
  -------         ENDMOD        ?C?UIDIV

*** WARNING L16: UNCALLED SEGMENT, IGNORED FOR OVERLAY PROCESS
    SEGMENT: ?PR?IIC_SENDACK?IIC

*** WARNING L16: UNCALLED SEGMENT, IGNORED FOR OVERLAY PROCESS
    SEGMENT: ?PR?IIC_RECBYTE?IIC

Program Size: data=21.2 xdata=0 code=1453
LINK/LOCATE RUN COMPLETE.  2 WARNING(S),  0 ERROR(S)
