BL51 BANKED LINKER/LOCATER V6.22                                                        03/17/2022  13:39:12  PAGE 1


BL51 BANKED LINKER/LOCATER V6.22, INVOKED BY:
D:\KEIL5\INSTALLED FILE\C51\BIN\BL51.EXE .\Objects\main.obj, .\Objects\iic.obj TO .\Objects\test PRINT (.\Listings\test.
>> m51) RAMSIZE (256)


MEMORY MODEL: SMALL WITH FLOATING POINT ARITHMETIC


INPUT MODULES INCLUDED:
  .\Objects\main.obj (MAIN)
  .\Objects\iic.obj (IIC)
  D:\KEIL5\INSTALLED FILE\C51\LIB\C51FPS.LIB (?C?FPMUL)
  D:\KEIL5\INSTALLED FILE\C51\LIB\C51FPS.LIB (?C?FPDIV)
  D:\KEIL5\INSTALLED FILE\C51\LIB\C51FPS.LIB (?C?FPCMP)
  D:\KEIL5\INSTALLED FILE\C51\LIB\C51FPS.LIB (?C?FCAST)
  D:\KEIL5\INSTALLED FILE\C51\LIB\C51FPS.LIB (?C?CASTF)
  D:\KEIL5\INSTALLED FILE\C51\LIB\C51FPS.LIB (?C?FPGETOPN)
  D:\KEIL5\INSTALLED FILE\C51\LIB\C51S.LIB (?C_STARTUP)
  D:\KEIL5\INSTALLED FILE\C51\LIB\C51S.LIB (?C?UIDIV)
  D:\KEIL5\INSTALLED FILE\C51\LIB\C51S.LIB (?C?SIDIV)
  D:\KEIL5\INSTALLED FILE\C51\LIB\C51S.LIB (?C?LNEG)
  D:\KEIL5\INSTALLED FILE\C51\LIB\C51S.LIB (?C_INIT)


LINK MAP OF MODULE:  .\Objects\test (MAIN)


            TYPE    BASE      LENGTH    RELOCATION   SEGMENT NAME
            -----------------------------------------------------

            * * * * * * *   D A T A   M E M O R Y   * * * * * * *
            REG     0000H     0008H     ABSOLUTE     "REG BANK 0"
            DATA    0008H     0012H     UNIT         ?DT?MAIN
            DATA    001AH     0001H     UNIT         _DATA_GROUP_
                    001BH     0005H                  *** GAP ***
            BIT     0020H.0   0000H.1   UNIT         _BIT_GROUP_
                    0020H.1   0000H.7                *** GAP ***
            IDATA   0021H     0001H     UNIT         ?STACK

            * * * * * * *   C O D E   M E M O R Y   * * * * * * *
            CODE    0000H     0003H     ABSOLUTE     
                    0003H     0008H                  *** GAP ***
            CODE    000BH     0003H     ABSOLUTE     
                    000EH     000DH                  *** GAP ***
            CODE    001BH     0003H     ABSOLUTE     
                    001EH     07E2H                  *** GAP ***
            CODE    0800H     0377H     UNIT         ?C?LIB_CODE
            CODE    0B77H     00DAH     UNIT         ?PR?SMGSHOW_PULSE?MAIN
            CODE    0C51H     00C6H     UNIT         ?PR?LED_WORK?MAIN
            CODE    0D17H     008CH     UNIT         ?C_C51STARTUP
            CODE    0DA3H     0089H     UNIT         ?PR?KEY_SCAN?MAIN
            CODE    0E2CH     0072H     UNIT         ?PR?SMGSHOW_RB2?MAIN
            CODE    0E9EH     0061H     UNIT         ?PR?_PCF8591_ADC?MAIN
            CODE    0EFFH     003AH     UNIT         ?PR?_HC138_SELECT?MAIN
            CODE    0F39H     0034H     UNIT         ?PR?_SMGSHOW_BIT?MAIN
            CODE    0F6DH     002CH     UNIT         ?PR?_IIC_SENDBYTE?IIC
            CODE    0F99H     002BH     UNIT         ?CO?MAIN
            CODE    0FC4H     0027H     UNIT         ?PR?TIM1?MAIN
BL51 BANKED LINKER/LOCATER V6.22                                                      03/17/2022  13:39:12  PAGE 2


            CODE    0FEBH     0020H     UNIT         ?PR?_PCF8591_DAC?MAIN
            CODE    100BH     001DH     UNIT         ?PR?IIC_RECBYTE?IIC
            CODE    1028H     001CH     UNIT         ?PR?PCF8591_OUT?MAIN
            CODE    1044H     001AH     UNIT         ?PR?TIM_INIT?MAIN
            CODE    105EH     0017H     UNIT         ?PR?IIC_SENDACK?IIC
            CODE    1075H     0015H     UNIT         ?PR?SMGSHOW?MAIN
            CODE    108AH     0015H     UNIT         ?C_INITSEG
            CODE    109FH     0014H     UNIT         ?PR?MAIN?MAIN
            CODE    10B3H     0011H     UNIT         ?PR?IIC_WAITACK?IIC
            CODE    10C4H     000FH     UNIT         ?PR?IIC_START?IIC
            CODE    10D3H     000DH     UNIT         ?PR?TIM0?MAIN
            CODE    10E0H     000CH     UNIT         ?PR?_IIC_DELAY?IIC
            CODE    10ECH     000CH     UNIT         ?PR?IIC_STOP?IIC
            CODE    10F8H     0009H     UNIT         ?PR?SYS_INIT?MAIN
            CODE    1101H     0009H     UNIT         ?PR?SMG_DELAY?MAIN
            CODE    110AH     0009H     UNIT         ?PR?DELAY10MS?MAIN



OVERLAY MAP OF MODULE:   .\Objects\test (MAIN)


SEGMENT                           BIT_GROUP          DATA_GROUP 
  +--> CALLED SEGMENT          START    LENGTH     START    LENGTH
------------------------------------------------------------------
?C_C51STARTUP                  -----    -----      -----    -----
  +--> ?PR?MAIN?MAIN
  +--> ?C_INITSEG

?PR?MAIN?MAIN                  -----    -----      -----    -----
  +--> ?PR?SYS_INIT?MAIN
  +--> ?PR?TIM_INIT?MAIN
  +--> ?PR?KEY_SCAN?MAIN
  +--> ?PR?PCF8591_OUT?MAIN
  +--> ?PR?SMGSHOW?MAIN
  +--> ?PR?LED_WORK?MAIN

?PR?SYS_INIT?MAIN              -----    -----      -----    -----
  +--> ?PR?_HC138_SELECT?MAIN

?PR?KEY_SCAN?MAIN              -----    -----      -----    -----
  +--> ?PR?DELAY10MS?MAIN
  +--> ?PR?SMGSHOW?MAIN
  +--> ?PR?_HC138_SELECT?MAIN

?PR?SMGSHOW?MAIN               -----    -----      -----    -----
  +--> ?PR?SMGSHOW_PULSE?MAIN
  +--> ?PR?_PCF8591_ADC?MAIN
  +--> ?PR?SMGSHOW_RB2?MAIN

?PR?SMGSHOW_PULSE?MAIN         -----    -----      -----    -----
  +--> ?CO?MAIN
  +--> ?PR?_SMGSHOW_BIT?MAIN

?PR?_SMGSHOW_BIT?MAIN          -----    -----      -----    -----
  +--> ?CO?MAIN
  +--> ?PR?_HC138_SELECT?MAIN
BL51 BANKED LINKER/LOCATER V6.22                                                      03/17/2022  13:39:12  PAGE 3


  +--> ?PR?SMG_DELAY?MAIN

?PR?_PCF8591_ADC?MAIN          -----    -----      001AH    0001H
  +--> ?PR?IIC_START?IIC
  +--> ?PR?_IIC_SENDBYTE?IIC
  +--> ?PR?IIC_WAITACK?IIC
  +--> ?PR?IIC_STOP?IIC
  +--> ?PR?IIC_RECBYTE?IIC
  +--> ?PR?IIC_SENDACK?IIC

?PR?IIC_START?IIC              -----    -----      -----    -----
  +--> ?PR?_IIC_DELAY?IIC

?PR?_IIC_SENDBYTE?IIC          -----    -----      -----    -----
  +--> ?PR?_IIC_DELAY?IIC

?PR?IIC_WAITACK?IIC            0020H.0  0000H.1    -----    -----
  +--> ?PR?_IIC_DELAY?IIC

?PR?IIC_STOP?IIC               -----    -----      -----    -----
  +--> ?PR?_IIC_DELAY?IIC

?PR?IIC_RECBYTE?IIC            -----    -----      -----    -----
  +--> ?PR?_IIC_DELAY?IIC

?PR?IIC_SENDACK?IIC            0020H.0  0000H.1    -----    -----
  +--> ?PR?_IIC_DELAY?IIC

?PR?SMGSHOW_RB2?MAIN           -----    -----      -----    -----
  +--> ?CO?MAIN
  +--> ?PR?_SMGSHOW_BIT?MAIN

?PR?PCF8591_OUT?MAIN           -----    -----      -----    -----
  +--> ?PR?_PCF8591_DAC?MAIN

?PR?_PCF8591_DAC?MAIN          -----    -----      001AH    0001H
  +--> ?PR?IIC_START?IIC
  +--> ?PR?_IIC_SENDBYTE?IIC
  +--> ?PR?IIC_WAITACK?IIC
  +--> ?PR?IIC_STOP?IIC

?PR?LED_WORK?MAIN              -----    -----      -----    -----
  +--> ?PR?_HC138_SELECT?MAIN



SYMBOL TABLE OF MODULE:  .\Objects\test (MAIN)

  VALUE           TYPE          NAME
  ----------------------------------

  -------         MODULE        MAIN
  C:0000H         SYMBOL        _ICE_DUMMY_
  D:0080H         PUBLIC        P0
  D:0090H         PUBLIC        P1
  D:00A0H         PUBLIC        P2
  D:00B0H         PUBLIC        P3
BL51 BANKED LINKER/LOCATER V6.22                                                      03/17/2022  13:39:12  PAGE 4


  D:00C0H         PUBLIC        P4
  D:00C8H         PUBLIC        P5
  B:00A8H.7       PUBLIC        EA
  D:00E8H         PUBLIC        P6
  D:00F8H         PUBLIC        P7
  C:1075H         PUBLIC        smgshow
  D:00A8H         PUBLIC        IE
  D:0008H         PUBLIC        rb2_udat
  D:00B8H         PUBLIC        IP
  C:0B77H         PUBLIC        smgshow_pulse
  C:0FEBH         PUBLIC        _pcf8591_dac
  C:0E9EH         PUBLIC        _pcf8591_adc
  D:000CH         PUBLIC        s4_flag
  C:0F99H         PUBLIC        smg_display
  D:00D8H         PUBLIC        CCON
  D:000DH         PUBLIC        s5_flag
  D:000EH         PUBLIC        s6_flag
  C:109FH         PUBLIC        main
  D:000FH         PUBLIC        s7_flag
  D:0010H         PUBLIC        pulse
  C:0F49H         PUBLIC        _smgshow_bit
  B:0080H.0       PUBLIC        P00
  B:0080H.1       PUBLIC        P01
  B:0080H.2       PUBLIC        P02
  B:00B0H.0       PUBLIC        P30
  B:0080H.3       PUBLIC        P03
  D:0098H         PUBLIC        SCON
  B:00B0H.1       PUBLIC        P31
  B:0080H.4       PUBLIC        P04
  C:110AH         PUBLIC        Delay10ms
  D:0089H         PUBLIC        TMOD
  D:0088H         PUBLIC        TCON
  B:00B0H.2       PUBLIC        P32
  B:00B0H.3       PUBLIC        P33
  C:1101H         PUBLIC        smg_delay
  D:0012H         PUBLIC        adc_dat
  B:00A8H.1       PUBLIC        ET0
  B:00A8H.3       PUBLIC        ET1
  D:0016H         PUBLIC        t0_cnt
  D:0018H         PUBLIC        t1_cnt
  D:008CH         PUBLIC        TH0
  C:1028H         PUBLIC        pcf8591_out
  C:0F06H         PUBLIC        _hc138_select
  D:008DH         PUBLIC        TH1
  D:008AH         PUBLIC        TL0
  D:008BH         PUBLIC        TL1
  C:0DA3H         PUBLIC        key_scan
  B:0088H.4       PUBLIC        TR0
  B:0088H.6       PUBLIC        TR1
  C:0C51H         PUBLIC        led_work
  C:1044H         PUBLIC        tim_init
  C:0FB9H         PUBLIC        smgdot_display
  C:0E2CH         PUBLIC        smgshow_rb2
  C:10F8H         PUBLIC        sys_init
  D:00D0H         PUBLIC        PSW
  C:10D3H         PUBLIC        tim0
  C:0FC4H         PUBLIC        tim1
BL51 BANKED LINKER/LOCATER V6.22                                                      03/17/2022  13:39:12  PAGE 5


  -------         PROC          L?0085
  -------         ENDPROC       L?0085
  -------         PROC          _HC138_SELECT
  D:0007H         SYMBOL        n
  C:0F06H         LINE#         26
  C:0F06H         LINE#         27
  C:0F06H         LINE#         28
  C:0F15H         LINE#         29
  C:0F15H         LINE#         30
  C:0F15H         LINE#         31
  C:0F1EH         LINE#         32
  C:0F1EH         LINE#         33
  C:0F27H         LINE#         34
  C:0F27H         LINE#         35
  C:0F30H         LINE#         36
  C:0F30H         LINE#         37
  C:0F38H         LINE#         38
  C:0F38H         LINE#         39
  -------         ENDPROC       _HC138_SELECT
  -------         PROC          SYS_INIT
  C:10F8H         LINE#         41
  C:10F8H         LINE#         42
  C:10F8H         LINE#         43
  C:10FAH         LINE#         44
  C:10FAH         LINE#         45
  C:10FDH         LINE#         46
  C:1100H         LINE#         47
  -------         ENDPROC       SYS_INIT
  -------         PROC          SMG_DELAY
  -------         DO            
  D:0007H         SYMBOL        i
  -------         ENDDO         
  C:1101H         LINE#         49
  C:1101H         LINE#         50
  C:1101H         LINE#         51
  C:1103H         LINE#         52
  C:1109H         LINE#         53
  -------         ENDPROC       SMG_DELAY
  -------         PROC          L?0084
  -------         ENDPROC       L?0084
  -------         PROC          _SMGSHOW_BIT
  D:0006H         SYMBOL        pos
  D:0005H         SYMBOL        dat
  C:0F49H         LINE#         55
  C:0F4BH         LINE#         56
  C:0F4BH         LINE#         57
  C:0F50H         LINE#         58
  C:0F5FH         LINE#         59
  C:0F64H         LINE#         60
  C:0F66H         LINE#         61
  C:0F69H         LINE#         62
  C:0F6CH         LINE#         63
  -------         ENDPROC       _SMGSHOW_BIT
  -------         PROC          _PCF8591_ADC
  D:001AH         SYMBOL        addr
  C:0E9EH         LINE#         65
  C:0EA0H         LINE#         66
BL51 BANKED LINKER/LOCATER V6.22                                                      03/17/2022  13:39:12  PAGE 6


  C:0EA0H         LINE#         67
  C:0EA3H         LINE#         68
  C:0EA8H         LINE#         69
  C:0EABH         LINE#         70
  C:0EB0H         LINE#         71
  C:0EB3H         LINE#         72
  C:0EB6H         LINE#         74
  C:0EB9H         LINE#         75
  C:0EBEH         LINE#         76
  C:0EC1H         LINE#         77
  C:0ED2H         LINE#         78
  C:0ED7H         LINE#         79
  C:0EDAH         LINE#         81
  C:0EFEH         LINE#         82
  -------         ENDPROC       _PCF8591_ADC
  -------         PROC          SMGSHOW_RB2
  C:0E2CH         LINE#         84
  C:0E2CH         LINE#         85
  C:0E2CH         LINE#         86
  C:0E38H         LINE#         87
  C:0E5DH         LINE#         88
  C:0E79H         LINE#         89
  -------         ENDPROC       SMGSHOW_RB2
  -------         PROC          _PCF8591_DAC
  D:001AH         SYMBOL        dat
  C:0FEBH         LINE#         92
  C:0FEDH         LINE#         93
  C:0FEDH         LINE#         94
  C:0FF0H         LINE#         95
  C:0FF5H         LINE#         96
  C:0FF8H         LINE#         97
  C:0FFDH         LINE#         98
  C:1000H         LINE#         99
  C:1005H         LINE#         100
  C:1008H         LINE#         101
  -------         ENDPROC       _PCF8591_DAC
  -------         PROC          TIM_INIT
  C:1044H         LINE#         104
  C:1044H         LINE#         105
  C:1044H         LINE#         106
  C:1047H         LINE#         107
  C:104AH         LINE#         108
  C:104DH         LINE#         109
  C:104FH         LINE#         110
  C:1051H         LINE#         112
  C:1054H         LINE#         113
  C:1057H         LINE#         114
  C:1059H         LINE#         115
  C:105BH         LINE#         117
  C:105DH         LINE#         118
  -------         ENDPROC       TIM_INIT
  -------         PROC          SMGSHOW_PULSE
  C:0B77H         LINE#         120
  C:0B77H         LINE#         121
  C:0B77H         LINE#         122
  C:0B83H         LINE#         123
  C:0B8EH         LINE#         124
BL51 BANKED LINKER/LOCATER V6.22                                                      03/17/2022  13:39:12  PAGE 7


  C:0B8EH         LINE#         125
  C:0BB3H         LINE#         126
  C:0BB3H         LINE#         127
  C:0BBEH         LINE#         128
  C:0BBEH         LINE#         129
  C:0BE3H         LINE#         130
  C:0BE3H         LINE#         131
  C:0BEEH         LINE#         132
  C:0BEEH         LINE#         133
  C:0C13H         LINE#         134
  C:0C13H         LINE#         135
  C:0C1EH         LINE#         136
  C:0C1EH         LINE#         137
  C:0C33H         LINE#         138
  C:0C33H         LINE#         139
  -------         ENDPROC       SMGSHOW_PULSE
  -------         PROC          DELAY10MS
  -------         DO            
  D:0007H         SYMBOL        i
  D:0006H         SYMBOL        j
  -------         ENDDO         
  C:110AH         LINE#         142
  C:110AH         LINE#         143
  C:110AH         LINE#         146
  C:110CH         LINE#         147
  C:110EH         LINE#         149
  C:110EH         LINE#         150
  C:1110H         LINE#         151
  C:1112H         LINE#         152
  -------         ENDPROC       DELAY10MS
  -------         PROC          KEY_SCAN
  C:0DA3H         LINE#         155
  C:0DA3H         LINE#         156
  C:0DA3H         LINE#         157
  C:0DA6H         LINE#         158
  C:0DA6H         LINE#         159
  C:0DA9H         LINE#         160
  C:0DACH         LINE#         161
  C:0DACH         LINE#         162
  C:0DAFH         LINE#         163
  C:0DB4H         LINE#         164
  C:0DB6H         LINE#         165
  C:0DBBH         LINE#         166
  C:0DBEH         LINE#         167
  C:0DBEH         LINE#         168
  C:0DBEH         LINE#         170
  C:0DC1H         LINE#         171
  C:0DC1H         LINE#         172
  C:0DC4H         LINE#         173
  C:0DC7H         LINE#         174
  C:0DC7H         LINE#         175
  C:0DCAH         LINE#         176
  C:0DCFH         LINE#         177
  C:0DD1H         LINE#         178
  C:0DD6H         LINE#         179
  C:0DD9H         LINE#         180
  C:0DD9H         LINE#         181
BL51 BANKED LINKER/LOCATER V6.22                                                      03/17/2022  13:39:12  PAGE 8


  C:0DD9H         LINE#         183
  C:0DDCH         LINE#         184
  C:0DDCH         LINE#         185
  C:0DDFH         LINE#         186
  C:0DE2H         LINE#         187
  C:0DE2H         LINE#         188
  C:0DE5H         LINE#         189
  C:0DEAH         LINE#         190
  C:0DF6H         LINE#         191
  C:0DFAH         LINE#         192
  C:0DFAH         LINE#         193
  C:0DFFH         LINE#         194
  C:0E02H         LINE#         195
  C:0E02H         LINE#         196
  C:0E02H         LINE#         197
  C:0E02H         LINE#         199
  C:0E05H         LINE#         200
  C:0E05H         LINE#         201
  C:0E08H         LINE#         202
  C:0E0BH         LINE#         203
  C:0E0BH         LINE#         204
  C:0E0EH         LINE#         205
  C:0E13H         LINE#         206
  C:0E1FH         LINE#         207
  C:0E23H         LINE#         208
  C:0E23H         LINE#         209
  C:0E25H         LINE#         210
  C:0E25H         LINE#         211
  C:0E28H         LINE#         212
  C:0E2BH         LINE#         213
  C:0E2BH         LINE#         214
  C:0E2BH         LINE#         215
  C:0E2BH         LINE#         216
  -------         ENDPROC       KEY_SCAN
  -------         PROC          LED_WORK
  C:0C51H         LINE#         218
  C:0C51H         LINE#         219
  C:0C51H         LINE#         220
  C:0C58H         LINE#         221
  C:0C58H         LINE#         222
  C:0C5DH         LINE#         223
  C:0C5DH         LINE#         224
  C:0C62H         LINE#         225
  C:0C64H         LINE#         226
  C:0C66H         LINE#         227
  C:0C87H         LINE#         228
  C:0C8BH         LINE#         230
  C:0C8DH         LINE#         231
  C:0C8DH         LINE#         233
  C:0C91H         LINE#         234
  C:0C91H         LINE#         235
  C:0C96H         LINE#         236
  C:0C98H         LINE#         237
  C:0C9AH         LINE#         238
  C:0C9DH         LINE#         239
  C:0CFDH         LINE#         240
  C:0D01H         LINE#         242
BL51 BANKED LINKER/LOCATER V6.22                                                      03/17/2022  13:39:12  PAGE 9


  C:0D03H         LINE#         243
  C:0D03H         LINE#         245
  C:0D08H         LINE#         246
  C:0D0CH         LINE#         247
  C:0D0FH         LINE#         248
  C:0D14H         LINE#         249
  C:0D16H         LINE#         250
  C:0D16H         LINE#         251
  -------         ENDPROC       LED_WORK
  -------         PROC          PCF8591_OUT
  C:1028H         LINE#         254
  C:1028H         LINE#         255
  C:1028H         LINE#         256
  C:102CH         LINE#         257
  C:1030H         LINE#         258
  C:1035H         LINE#         259
  C:1043H         LINE#         260
  -------         ENDPROC       PCF8591_OUT
  -------         PROC          SMGSHOW
  C:1075H         LINE#         262
  C:1075H         LINE#         263
  C:1075H         LINE#         264
  C:1079H         LINE#         265
  C:1079H         LINE#         266
  C:107EH         LINE#         267
  C:1081H         LINE#         269
  C:1081H         LINE#         270
  C:1086H         LINE#         271
  C:1089H         LINE#         272
  C:1089H         LINE#         273
  C:1089H         LINE#         274
  -------         ENDPROC       SMGSHOW
  -------         PROC          MAIN
  C:109FH         LINE#         279
  C:109FH         LINE#         280
  C:109FH         LINE#         281
  C:10A2H         LINE#         282
  C:10A5H         LINE#         283
  C:10A5H         LINE#         284
  C:10A5H         LINE#         285
  C:10A8H         LINE#         286
  C:10ABH         LINE#         287
  C:10AEH         LINE#         288
  C:10B1H         LINE#         289
  -------         ENDPROC       MAIN
  -------         PROC          TIM0
  C:10D3H         LINE#         293
  C:10D5H         LINE#         295
  C:10DDH         LINE#         296
  -------         ENDPROC       TIM0
  -------         PROC          TIM1
  C:0FC4H         LINE#         298
  C:0FC6H         LINE#         300
  C:0FC9H         LINE#         301
  C:0FCCH         LINE#         302
  C:0FD4H         LINE#         303
  C:0FDAH         LINE#         304
BL51 BANKED LINKER/LOCATER V6.22                                                      03/17/2022  13:39:12  PAGE 10


  C:0FDAH         LINE#         305
  C:0FDEH         LINE#         306
  C:0FE4H         LINE#         307
  C:0FE8H         LINE#         308
  C:0FE8H         LINE#         309
  -------         ENDPROC       TIM1
  -------         ENDMOD        MAIN

  -------         MODULE        IIC
  C:0000H         SYMBOL        _ICE_DUMMY_
  D:0080H         PUBLIC        P0
  D:0090H         PUBLIC        P1
  D:00A0H         PUBLIC        P2
  D:00B0H         PUBLIC        P3
  D:00C0H         PUBLIC        P4
  D:00C8H         PUBLIC        P5
  D:00E8H         PUBLIC        P6
  D:00F8H         PUBLIC        P7
  D:00A8H         PUBLIC        IE
  D:00B8H         PUBLIC        IP
  D:00D8H         PUBLIC        CCON
  C:10E4H         PUBLIC        _IIC_Delay
  D:0098H         PUBLIC        SCON
  D:0088H         PUBLIC        TCON
  C:10C4H         PUBLIC        IIC_Start
  C:105EH         PUBLIC        IIC_SendAck
  B:00A0H.1       PUBLIC        SDA
  C:0F6DH         PUBLIC        _IIC_SendByte
  C:10B3H         PUBLIC        IIC_WaitAck
  C:10ECH         PUBLIC        IIC_Stop
  B:00A0H.0       PUBLIC        SCL
  C:100BH         PUBLIC        IIC_RecByte
  D:00D0H         PUBLIC        PSW
  C:10E0H         SYMBOL        L?0021
  -------         PROC          L?0020
  -------         ENDPROC       L?0020
  C:10E0H         SYMBOL        L?0021
  -------         PROC          _IIC_DELAY
  D:0007H         SYMBOL        i
  C:10E4H         LINE#         20
  C:10E4H         LINE#         21
  C:10E4H         LINE#         22
  C:10E5H         LINE#         23
  C:10EBH         LINE#         24
  -------         ENDPROC       _IIC_DELAY
  -------         PROC          IIC_START
  C:10C4H         LINE#         26
  C:10C4H         LINE#         27
  C:10C4H         LINE#         28
  C:10C6H         LINE#         29
  C:10C6H         LINE#         30
  C:10C9H         LINE#         31
  C:10CBH         LINE#         32
  C:10D0H         LINE#         33
  C:10D2H         LINE#         34
  -------         ENDPROC       IIC_START
  -------         PROC          IIC_STOP
BL51 BANKED LINKER/LOCATER V6.22                                                      03/17/2022  13:39:12  PAGE 11


  C:10ECH         LINE#         37
  C:10ECH         LINE#         38
  C:10ECH         LINE#         39
  C:10EEH         LINE#         40
  C:10EEH         LINE#         41
  C:10F1H         LINE#         42
  C:10F3H         LINE#         43
  -------         ENDPROC       IIC_STOP
  -------         PROC          IIC_SENDACK
  B:0020H.0       SYMBOL        ackbit
  C:105EH         LINE#         47
  C:105EH         LINE#         48
  C:105EH         LINE#         49
  C:1060H         LINE#         50
  C:1064H         LINE#         51
  C:1069H         LINE#         52
  C:1069H         LINE#         53
  C:106CH         LINE#         54
  C:106EH         LINE#         55
  C:1070H         LINE#         56
  -------         ENDPROC       IIC_SENDACK
  -------         PROC          IIC_WAITACK
  -------         DO            
  B:0020H.0       SYMBOL        ackbit
  -------         ENDDO         
  C:10B3H         LINE#         60
  C:10B3H         LINE#         61
  C:10B3H         LINE#         64
  C:10B3H         LINE#         65
  C:10B6H         LINE#         66
  C:10BAH         LINE#         67
  C:10BCH         LINE#         68
  C:10C1H         LINE#         69
  C:10C3H         LINE#         70
  -------         ENDPROC       IIC_WAITACK
  -------         PROC          _IIC_SENDBYTE
  D:0005H         SYMBOL        byt
  -------         DO            
  D:0004H         SYMBOL        i
  -------         ENDDO         
  C:0F6DH         LINE#         73
  C:0F6FH         LINE#         74
  C:0F6FH         LINE#         77
  C:0F71H         LINE#         78
  C:0F71H         LINE#         79
  C:0F73H         LINE#         80
  C:0F78H         LINE#         81
  C:0F80H         LINE#         82
  C:0F82H         LINE#         83
  C:0F87H         LINE#         84
  C:0F89H         LINE#         85
  C:0F8DH         LINE#         86
  C:0F92H         LINE#         87
  C:0F96H         LINE#         88
  C:0F98H         LINE#         89
  -------         ENDPROC       _IIC_SENDBYTE
  -------         PROC          IIC_RECBYTE
BL51 BANKED LINKER/LOCATER V6.22                                                      03/17/2022  13:39:12  PAGE 12


  -------         DO            
  D:0004H         SYMBOL        i
  D:0005H         SYMBOL        da
  -------         ENDDO         
  C:100BH         LINE#         92
  C:100BH         LINE#         93
  C:100BH         LINE#         95
  C:100DH         LINE#         96
  C:100DH         LINE#         97
  C:100DH         LINE#         98
  C:1010H         LINE#         99
  C:1014H         LINE#         100
  C:101AH         LINE#         101
  C:101CH         LINE#         102
  C:1021H         LINE#         103
  C:1025H         LINE#         104
  C:1027H         LINE#         105
  -------         ENDPROC       IIC_RECBYTE
  -------         ENDMOD        IIC

  -------         MODULE        ?C?FPMUL
  C:0800H         PUBLIC        ?C?FPMUL
  -------         ENDMOD        ?C?FPMUL

  -------         MODULE        ?C?FPDIV
  C:0909H         PUBLIC        ?C?FPDIV
  -------         ENDMOD        ?C?FPDIV

  -------         MODULE        ?C?FPCMP
  C:09A8H         PUBLIC        ?C?FPCMP
  C:09A6H         PUBLIC        ?C?FPCMP3
  -------         ENDMOD        ?C?FPCMP

  -------         MODULE        ?C?FCAST
  C:0A29H         PUBLIC        ?C?FCASTC
  C:0A24H         PUBLIC        ?C?FCASTI
  C:0A1FH         PUBLIC        ?C?FCASTL
  -------         ENDMOD        ?C?FCAST

  -------         MODULE        ?C?CASTF
  C:0A5DH         PUBLIC        ?C?CASTF
  -------         ENDMOD        ?C?CASTF

  -------         MODULE        ?C?UIDIV
  C:0ADEH         PUBLIC        ?C?UIDIV
  -------         ENDMOD        ?C?UIDIV

  -------         MODULE        ?C?SIDIV
  C:0B33H         PUBLIC        ?C?SIDIV
  -------         ENDMOD        ?C?SIDIV

  -------         MODULE        ?C?LNEG
  C:0B69H         PUBLIC        ?C?LNEG
  -------         ENDMOD        ?C?LNEG

******************************************************************************
* RESTRICTED VERSION WITH 0800H BYTE CODE SIZE LIMIT; USED: 0515H BYTE (63%) *
BL51 BANKED LINKER/LOCATER V6.22                                                      03/17/2022  13:39:12  PAGE 13


******************************************************************************

Program Size: data=28.1 xdata=0 code=2332
LINK/LOCATE RUN COMPLETE.  0 WARNING(S),  0 ERROR(S)
