C51 COMPILER V9.54   MAIN                                                                  03/10/2022 15:30:00 PAGE 1   


C51 COMPILER V9.54, COMPILATION OF MODULE MAIN
OBJECT MODULE PLACED IN .\Objects\main.obj
COMPILER INVOKED BY: D:\Keil5\installed file\C51\BIN\C51.EXE main.c OPTIMIZE(8,SPEED) BROWSE DEBUG OBJECTEXTEND PRINT(.\
                    -Listings\main.lst) OBJECT(.\Objects\main.obj)

line level    source

   1          /*
   2           * @brief : 数码管动态显示年份，月份
   3           * @date  : 2022/3/10
   4           */
   5           
   6           
   7          #include <reg52.h>
   8          
   9          u8 month = 1;
  10          
  11          u8 code seg7_tab[]={0xc0,0xf9,0xa4,0xb0,0x99,0x92,
  12                              0x82,0xf8,0x80,0x90,0x88,0x80,
  13                              0xc6,0xc0,0x86,0x8e,0xbf,0x7f};            //共阳极最后两位是 - .
  14          
  15          void showsmg(void);
  16          
  17                                                  
  18          void delay(u16 t)
  19          {
  20   1              while(t--)
  21   1              {
  22   2                      showsmg();
  23   2              }
  24   1      }
  25          
  26          void smg_delay(void)
  27          {
  28   1              u16 tt = 100;
  29   1              while(tt--);
  30   1      }
  31          
  32          void hc138_select(u8 n)
  33          {
  34   1              switch(n)
  35   1              {
  36   2                      case 4:
  37   2                              P2 = ((P2 & 0x1f) | 0x80);  break;
  38   2                      case 5:
  39   2                              P2 = ((P2 & 0x1f) | 0xa0);  break;
  40   2                      case 6:
  41   2                              P2 = ((P2 & 0x1f) | 0xc0);  break;
  42   2                      case 7:
  43   2                              P2 = ((P2 & 0x1f) | 0xe0);  break;
  44   2              }
  45   1      }
  46          
  47          void system_init(void)
  48          {
  49   1              hc138_select(5);
  50   1              P0 = 0;
  51   1      }
  52          
  53          void showsmg_bit(u8 pos, u8 dat)
  54          {
C51 COMPILER V9.54   MAIN                                                                  03/10/2022 15:30:00 PAGE 2   

  55   1              hc138_select(6);     //位选
  56   1              P0 = (1 << pos);
  57   1              hc138_select(7);     //段选
  58   1              P0 = seg7_tab[dat];
  59   1              smg_delay();
  60   1              hc138_select(7);     //消影
  61   1              P0 = 0xff;
  62   1      }
  63          
  64          void showsmg(void)
  65          {
  66   1              showsmg_bit(0, 2);
  67   1              
  68   1              showsmg_bit(1, 0);
  69   1      
  70   1              showsmg_bit(2, 2);
  71   1              
  72   1              showsmg_bit(3, 2);
  73   1              
  74   1              showsmg_bit(4, 16);      //显示'-'
  75   1              
  76   1              showsmg_bit(5, 16);
  77   1              
  78   1              showsmg_bit(6, month/10);
  79   1              
  80   1              showsmg_bit(7, month%10);
  81   1              
  82   1      }
  83          
  84          void main()
  85          {
  86   1              system_init();
  87   1              
  88   1              while(1)
  89   1              {
  90   2                      showsmg();
  91   2                      delay(500);
  92   2                      month++;
  93   2                      if(month > 12)
  94   2                              month = 1;
  95   2              }
  96   1      }


MODULE INFORMATION:   STATIC OVERLAYABLE
   CODE SIZE        =    234    ----
   CONSTANT SIZE    =     18    ----
   XDATA SIZE       =   ----    ----
   PDATA SIZE       =   ----    ----
   DATA SIZE        =      1       2
   IDATA SIZE       =   ----    ----
   BIT SIZE         =   ----    ----
END OF MODULE INFORMATION.


C51 COMPILATION COMPLETE.  0 WARNING(S),  0 ERROR(S)
